/home/ubuntu/px4_ros2_ws/install/px4_offboard/lib/python3.10/site-packages/px4_offboard/__init__.py
/home/ubuntu/px4_ros2_ws/install/px4_offboard/lib/python3.10/site-packages/px4_offboard/offboard_control_node.py
/home/ubuntu/px4_ros2_ws/install/px4_offboard/lib/python3.10/site-packages/px4_offboard/position_hold_node.py
/home/ubuntu/px4_ros2_ws/install/px4_offboard/lib/python3.10/site-packages/px4_offboard/swarm_mission_node.py
/home/ubuntu/px4_ros2_ws/install/px4_offboard/lib/python3.10/site-packages/px4_offboard/__pycache__/__init__.cpython-310.pyc
/home/ubuntu/px4_ros2_ws/install/px4_offboard/lib/python3.10/site-packages/px4_offboard/__pycache__/offboard_control_node.cpython-310.pyc
/home/ubuntu/px4_ros2_ws/install/px4_offboard/lib/python3.10/site-packages/px4_offboard/__pycache__/position_hold_node.cpython-310.pyc
/home/ubuntu/px4_ros2_ws/install/px4_offboard/lib/python3.10/site-packages/px4_offboard/__pycache__/swarm_mission_node.cpython-310.pyc
/home/ubuntu/px4_ros2_ws/install/px4_offboard/share/ament_index/resource_index/packages/px4_offboard
/home/ubuntu/px4_ros2_ws/install/px4_offboard/share/px4_offboard/package.xml
/home/ubuntu/px4_ros2_ws/install/px4_offboard/lib/python3.10/site-packages/px4_offboard-0.0.0-py3.10.egg-info/entry_points.txt
/home/ubuntu/px4_ros2_ws/install/px4_offboard/lib/python3.10/site-packages/px4_offboard-0.0.0-py3.10.egg-info/requires.txt
/home/ubuntu/px4_ros2_ws/install/px4_offboard/lib/python3.10/site-packages/px4_offboard-0.0.0-py3.10.egg-info/SOURCES.txt
/home/ubuntu/px4_ros2_ws/install/px4_offboard/lib/python3.10/site-packages/px4_offboard-0.0.0-py3.10.egg-info/PKG-INFO
/home/ubuntu/px4_ros2_ws/install/px4_offboard/lib/python3.10/site-packages/px4_offboard-0.0.0-py3.10.egg-info/zip-safe
/home/ubuntu/px4_ros2_ws/install/px4_offboard/lib/python3.10/site-packages/px4_offboard-0.0.0-py3.10.egg-info/dependency_links.txt
/home/ubuntu/px4_ros2_ws/install/px4_offboard/lib/python3.10/site-packages/px4_offboard-0.0.0-py3.10.egg-info/top_level.txt
/home/ubuntu/px4_ros2_ws/install/px4_offboard/lib/px4_offboard/offboard_control
/home/ubuntu/px4_ros2_ws/install/px4_offboard/lib/px4_offboard/position_hold_node
/home/ubuntu/px4_ros2_ws/install/px4_offboard/lib/px4_offboard/swarm_mission_node
