[0.070s] DEBUG:colcon:Command line arguments: ['/usr/bin/colcon', 'build']
[0.070s] DEBUG:colcon:Parsed command line arguments: Namespace(log_base=None, log_level=None, verb_name='build', build_base='build', install_base='install', merge_install=False, symlink_install=False, test_result_base=None, continue_on_error=False, executor='parallel', parallel_workers=12, event_handlers=None, ignore_user_meta=False, metas=['./colcon.meta'], base_paths=['.'], packages_ignore=None, packages_ignore_regex=None, paths=None, packages_up_to=None, packages_up_to_regex=None, packages_above=None, packages_above_and_dependencies=None, packages_above_depth=None, packages_select_by_dep=None, packages_skip_by_dep=None, packages_skip_up_to=None, packages_select_build_failed=False, packages_skip_build_finished=False, packages_select_test_failures=False, packages_skip_test_passed=False, packages_select=None, packages_skip=None, packages_select_regex=None, packages_skip_regex=None, packages_start=None, packages_end=None, allow_overriding=[], cmake_args=None, cmake_target=None, cmake_target_skip_unavailable=False, cmake_clean_cache=False, cmake_clean_first=False, cmake_force_configure=False, ament_cmake_args=None, catkin_cmake_args=None, catkin_skip_building_tests=False, mixin_files=None, mixin=None, verb_parser=<colcon_mixin.mixin.mixin_argument.MixinArgumentDecorator object at 0x6ffe87e4e140>, verb_extension=<colcon_core.verb.build.BuildVerb object at 0x6ffe87f5f3d0>, main=<bound method BuildVerb.main of <colcon_core.verb.build.BuildVerb object at 0x6ffe87f5f3d0>>, mixin_verb=('build',))
[0.170s] Level 1:colcon.colcon_core.package_discovery:discover_packages(colcon_meta) check parameters
[0.170s] Level 1:colcon.colcon_core.package_discovery:discover_packages(recursive) check parameters
[0.170s] Level 1:colcon.colcon_core.package_discovery:discover_packages(ignore) check parameters
[0.170s] Level 1:colcon.colcon_core.package_discovery:discover_packages(path) check parameters
[0.170s] Level 1:colcon.colcon_core.package_discovery:discover_packages(colcon_meta) discover
[0.170s] Level 1:colcon.colcon_core.package_discovery:discover_packages(recursive) discover
[0.170s] INFO:colcon.colcon_core.package_discovery:Crawling recursively for packages in '/home/ubuntu/px4_ros2_ws'
[0.170s] Level 1:colcon.colcon_core.package_identification:_identify(.) by extensions ['ignore', 'ignore_ament_install']
[0.170s] Level 1:colcon.colcon_core.package_identification:_identify(.) by extension 'ignore'
[0.170s] Level 1:colcon.colcon_core.package_identification:_identify(.) by extension 'ignore_ament_install'
[0.171s] Level 1:colcon.colcon_core.package_identification:_identify(.) by extensions ['colcon_pkg']
[0.171s] Level 1:colcon.colcon_core.package_identification:_identify(.) by extension 'colcon_pkg'
[0.171s] Level 1:colcon.colcon_core.package_identification:_identify(.) by extensions ['colcon_meta']
[0.171s] Level 1:colcon.colcon_core.package_identification:_identify(.) by extension 'colcon_meta'
[0.171s] Level 1:colcon.colcon_core.package_identification:_identify(.) by extensions ['ros']
[0.171s] Level 1:colcon.colcon_core.package_identification:_identify(.) by extension 'ros'
[0.178s] Level 1:colcon.colcon_core.package_identification:_identify(.) by extensions ['cmake', 'python']
[0.178s] Level 1:colcon.colcon_core.package_identification:_identify(.) by extension 'cmake'
[0.178s] Level 1:colcon.colcon_core.package_identification:_identify(.) by extension 'python'
[0.178s] Level 1:colcon.colcon_core.package_identification:_identify(.) by extensions ['python_setup_py']
[0.178s] Level 1:colcon.colcon_core.package_identification:_identify(.) by extension 'python_setup_py'
[0.178s] Level 1:colcon.colcon_core.package_identification:_identify(build) by extensions ['ignore', 'ignore_ament_install']
[0.178s] Level 1:colcon.colcon_core.package_identification:_identify(build) by extension 'ignore'
[0.178s] Level 1:colcon.colcon_core.package_identification:_identify(build) ignored
[0.178s] Level 1:colcon.colcon_core.package_identification:_identify(install) by extensions ['ignore', 'ignore_ament_install']
[0.178s] Level 1:colcon.colcon_core.package_identification:_identify(install) by extension 'ignore'
[0.178s] Level 1:colcon.colcon_core.package_identification:_identify(install) ignored
[0.179s] Level 1:colcon.colcon_core.package_identification:_identify(log) by extensions ['ignore', 'ignore_ament_install']
[0.179s] Level 1:colcon.colcon_core.package_identification:_identify(log) by extension 'ignore'
[0.179s] Level 1:colcon.colcon_core.package_identification:_identify(log) ignored
[0.179s] Level 1:colcon.colcon_core.package_identification:_identify(src) by extensions ['ignore', 'ignore_ament_install']
[0.179s] Level 1:colcon.colcon_core.package_identification:_identify(src) by extension 'ignore'
[0.179s] Level 1:colcon.colcon_core.package_identification:_identify(src) by extension 'ignore_ament_install'
[0.179s] Level 1:colcon.colcon_core.package_identification:_identify(src) by extensions ['colcon_pkg']
[0.179s] Level 1:colcon.colcon_core.package_identification:_identify(src) by extension 'colcon_pkg'
[0.179s] Level 1:colcon.colcon_core.package_identification:_identify(src) by extensions ['colcon_meta']
[0.179s] Level 1:colcon.colcon_core.package_identification:_identify(src) by extension 'colcon_meta'
[0.179s] Level 1:colcon.colcon_core.package_identification:_identify(src) by extensions ['ros']
[0.179s] Level 1:colcon.colcon_core.package_identification:_identify(src) by extension 'ros'
[0.179s] Level 1:colcon.colcon_core.package_identification:_identify(src) by extensions ['cmake', 'python']
[0.179s] Level 1:colcon.colcon_core.package_identification:_identify(src) by extension 'cmake'
[0.179s] Level 1:colcon.colcon_core.package_identification:_identify(src) by extension 'python'
[0.179s] Level 1:colcon.colcon_core.package_identification:_identify(src) by extensions ['python_setup_py']
[0.179s] Level 1:colcon.colcon_core.package_identification:_identify(src) by extension 'python_setup_py'
[0.179s] Level 1:colcon.colcon_core.package_identification:_identify(src/px4_msgs) by extensions ['ignore', 'ignore_ament_install']
[0.179s] Level 1:colcon.colcon_core.package_identification:_identify(src/px4_msgs) by extension 'ignore'
[0.179s] Level 1:colcon.colcon_core.package_identification:_identify(src/px4_msgs) by extension 'ignore_ament_install'
[0.179s] Level 1:colcon.colcon_core.package_identification:_identify(src/px4_msgs) by extensions ['colcon_pkg']
[0.179s] Level 1:colcon.colcon_core.package_identification:_identify(src/px4_msgs) by extension 'colcon_pkg'
[0.179s] Level 1:colcon.colcon_core.package_identification:_identify(src/px4_msgs) by extensions ['colcon_meta']
[0.179s] Level 1:colcon.colcon_core.package_identification:_identify(src/px4_msgs) by extension 'colcon_meta'
[0.179s] Level 1:colcon.colcon_core.package_identification:_identify(src/px4_msgs) by extensions ['ros']
[0.179s] Level 1:colcon.colcon_core.package_identification:_identify(src/px4_msgs) by extension 'ros'
[0.181s] DEBUG:colcon.colcon_core.package_identification:Package 'src/px4_msgs' with type 'ros.ament_cmake' and name 'px4_msgs'
[0.181s] Level 1:colcon.colcon_core.package_identification:_identify(src/px4_offboard) by extensions ['ignore', 'ignore_ament_install']
[0.182s] Level 1:colcon.colcon_core.package_identification:_identify(src/px4_offboard) by extension 'ignore'
[0.182s] Level 1:colcon.colcon_core.package_identification:_identify(src/px4_offboard) by extension 'ignore_ament_install'
[0.182s] Level 1:colcon.colcon_core.package_identification:_identify(src/px4_offboard) by extensions ['colcon_pkg']
[0.182s] Level 1:colcon.colcon_core.package_identification:_identify(src/px4_offboard) by extension 'colcon_pkg'
[0.182s] Level 1:colcon.colcon_core.package_identification:_identify(src/px4_offboard) by extensions ['colcon_meta']
[0.182s] Level 1:colcon.colcon_core.package_identification:_identify(src/px4_offboard) by extension 'colcon_meta'
[0.182s] Level 1:colcon.colcon_core.package_identification:_identify(src/px4_offboard) by extensions ['ros']
[0.182s] Level 1:colcon.colcon_core.package_identification:_identify(src/px4_offboard) by extension 'ros'
[0.182s] DEBUG:colcon.colcon_core.package_identification:Package 'src/px4_offboard' with type 'ros.ament_python' and name 'px4_offboard'
[0.182s] Level 1:colcon.colcon_core.package_discovery:discover_packages(recursive) using defaults
[0.182s] Level 1:colcon.colcon_core.package_discovery:discover_packages(ignore) discover
[0.182s] Level 1:colcon.colcon_core.package_discovery:discover_packages(ignore) using defaults
[0.182s] Level 1:colcon.colcon_core.package_discovery:discover_packages(path) discover
[0.182s] Level 1:colcon.colcon_core.package_discovery:discover_packages(path) using defaults
[0.205s] Level 1:colcon.colcon_core.package_discovery:discover_packages(prefix_path) check parameters
[0.205s] Level 1:colcon.colcon_core.package_discovery:discover_packages(prefix_path) discover
[0.206s] DEBUG:colcon.colcon_installed_package_information.package_discovery:Found 273 installed packages in /opt/ros/humble
[0.207s] Level 1:colcon.colcon_core.package_discovery:discover_packages(prefix_path) using defaults
[0.229s] Level 5:colcon.colcon_core.verb:set package 'px4_msgs' build argument 'cmake_args' from command line to 'None'
[0.229s] Level 5:colcon.colcon_core.verb:set package 'px4_msgs' build argument 'cmake_target' from command line to 'None'
[0.229s] Level 5:colcon.colcon_core.verb:set package 'px4_msgs' build argument 'cmake_target_skip_unavailable' from command line to 'False'
[0.229s] Level 5:colcon.colcon_core.verb:set package 'px4_msgs' build argument 'cmake_clean_cache' from command line to 'False'
[0.229s] Level 5:colcon.colcon_core.verb:set package 'px4_msgs' build argument 'cmake_clean_first' from command line to 'False'
[0.229s] Level 5:colcon.colcon_core.verb:set package 'px4_msgs' build argument 'cmake_force_configure' from command line to 'False'
[0.229s] Level 5:colcon.colcon_core.verb:set package 'px4_msgs' build argument 'ament_cmake_args' from command line to 'None'
[0.229s] Level 5:colcon.colcon_core.verb:set package 'px4_msgs' build argument 'catkin_cmake_args' from command line to 'None'
[0.229s] Level 5:colcon.colcon_core.verb:set package 'px4_msgs' build argument 'catkin_skip_building_tests' from command line to 'False'
[0.229s] DEBUG:colcon.colcon_core.verb:Building package 'px4_msgs' with the following arguments: {'ament_cmake_args': None, 'build_base': '/home/ubuntu/px4_ros2_ws/build/px4_msgs', 'catkin_cmake_args': None, 'catkin_skip_building_tests': False, 'cmake_args': None, 'cmake_clean_cache': False, 'cmake_clean_first': False, 'cmake_force_configure': False, 'cmake_target': None, 'cmake_target_skip_unavailable': False, 'install_base': '/home/ubuntu/px4_ros2_ws/install/px4_msgs', 'merge_install': False, 'path': '/home/ubuntu/px4_ros2_ws/src/px4_msgs', 'symlink_install': False, 'test_result_base': None}
[0.230s] Level 5:colcon.colcon_core.verb:set package 'px4_offboard' build argument 'cmake_args' from command line to 'None'
[0.230s] Level 5:colcon.colcon_core.verb:set package 'px4_offboard' build argument 'cmake_target' from command line to 'None'
[0.230s] Level 5:colcon.colcon_core.verb:set package 'px4_offboard' build argument 'cmake_target_skip_unavailable' from command line to 'False'
[0.230s] Level 5:colcon.colcon_core.verb:set package 'px4_offboard' build argument 'cmake_clean_cache' from command line to 'False'
[0.230s] Level 5:colcon.colcon_core.verb:set package 'px4_offboard' build argument 'cmake_clean_first' from command line to 'False'
[0.230s] Level 5:colcon.colcon_core.verb:set package 'px4_offboard' build argument 'cmake_force_configure' from command line to 'False'
[0.230s] Level 5:colcon.colcon_core.verb:set package 'px4_offboard' build argument 'ament_cmake_args' from command line to 'None'
[0.230s] Level 5:colcon.colcon_core.verb:set package 'px4_offboard' build argument 'catkin_cmake_args' from command line to 'None'
[0.230s] Level 5:colcon.colcon_core.verb:set package 'px4_offboard' build argument 'catkin_skip_building_tests' from command line to 'False'
[0.230s] DEBUG:colcon.colcon_core.verb:Building package 'px4_offboard' with the following arguments: {'ament_cmake_args': None, 'build_base': '/home/ubuntu/px4_ros2_ws/build/px4_offboard', 'catkin_cmake_args': None, 'catkin_skip_building_tests': False, 'cmake_args': None, 'cmake_clean_cache': False, 'cmake_clean_first': False, 'cmake_force_configure': False, 'cmake_target': None, 'cmake_target_skip_unavailable': False, 'install_base': '/home/ubuntu/px4_ros2_ws/install/px4_offboard', 'merge_install': False, 'path': '/home/ubuntu/px4_ros2_ws/src/px4_offboard', 'symlink_install': False, 'test_result_base': None}
[0.230s] INFO:colcon.colcon_core.executor:Executing jobs using 'parallel' executor
[0.231s] DEBUG:colcon.colcon_parallel_executor.executor.parallel:run_until_complete
[0.231s] INFO:colcon.colcon_ros.task.ament_cmake.build:Building ROS package in '/home/ubuntu/px4_ros2_ws/src/px4_msgs' with build type 'ament_cmake'
[0.231s] INFO:colcon.colcon_cmake.task.cmake.build:Building CMake package in '/home/ubuntu/px4_ros2_ws/src/px4_msgs'
[0.232s] INFO:colcon.colcon_core.plugin_system:Skipping extension 'colcon_core.shell.bat': Not used on non-Windows systems
[0.232s] INFO:colcon.colcon_core.shell:Skip shell extension 'powershell' for command environment: Not usable outside of PowerShell
[0.233s] DEBUG:colcon.colcon_core.shell:Skip shell extension 'dsv' for command environment
[0.242s] DEBUG:colcon.colcon_core.event_handler.log_command:Invoking command in '/home/ubuntu/px4_ros2_ws/build/px4_msgs': CMAKE_PREFIX_PATH=/opt/ros/humble /usr/bin/cmake /home/ubuntu/px4_ros2_ws/src/px4_msgs -DCMAKE_INSTALL_PREFIX=/home/ubuntu/px4_ros2_ws/install/px4_msgs
[3.627s] DEBUG:colcon.colcon_core.event_handler.log_command:Invoked command in '/home/ubuntu/px4_ros2_ws/build/px4_msgs' returned '0': CMAKE_PREFIX_PATH=/opt/ros/humble /usr/bin/cmake /home/ubuntu/px4_ros2_ws/src/px4_msgs -DCMAKE_INSTALL_PREFIX=/home/ubuntu/px4_ros2_ws/install/px4_msgs
[3.629s] DEBUG:colcon.colcon_core.event_handler.log_command:Invoking command in '/home/ubuntu/px4_ros2_ws/build/px4_msgs': CMAKE_PREFIX_PATH=/opt/ros/humble /usr/bin/cmake --build /home/ubuntu/px4_ros2_ws/build/px4_msgs -- -j12 -l12
[5.111s] DEBUG:colcon.colcon_core.event_handler.log_command:Invoked command in '/home/ubuntu/px4_ros2_ws/build/px4_msgs' returned '0': CMAKE_PREFIX_PATH=/opt/ros/humble /usr/bin/cmake --build /home/ubuntu/px4_ros2_ws/build/px4_msgs -- -j12 -l12
[5.142s] DEBUG:colcon.colcon_core.event_handler.log_command:Invoking command in '/home/ubuntu/px4_ros2_ws/build/px4_msgs': CMAKE_PREFIX_PATH=/opt/ros/humble /usr/bin/cmake --install /home/ubuntu/px4_ros2_ws/build/px4_msgs
[5.509s] Level 1:colcon.colcon_core.environment:create_environment_scripts_only(px4_msgs)
[5.510s] DEBUG:colcon.colcon_core.event_handler.log_command:Invoked command in '/home/ubuntu/px4_ros2_ws/build/px4_msgs' returned '0': CMAKE_PREFIX_PATH=/opt/ros/humble /usr/bin/cmake --install /home/ubuntu/px4_ros2_ws/build/px4_msgs
[5.513s] Level 1:colcon.colcon_core.environment:checking '/home/ubuntu/px4_ros2_ws/install/px4_msgs' for CMake module files
[5.513s] Level 1:colcon.colcon_core.environment:checking '/home/ubuntu/px4_ros2_ws/install/px4_msgs' for CMake config files
[5.514s] Level 1:colcon.colcon_core.shell:create_environment_hook('px4_msgs', 'cmake_prefix_path')
[5.514s] INFO:colcon.colcon_core.shell:Creating environment hook '/home/ubuntu/px4_ros2_ws/install/px4_msgs/share/px4_msgs/hook/cmake_prefix_path.ps1'
[5.515s] INFO:colcon.colcon_core.shell:Creating environment descriptor '/home/ubuntu/px4_ros2_ws/install/px4_msgs/share/px4_msgs/hook/cmake_prefix_path.dsv'
[5.515s] INFO:colcon.colcon_core.shell:Creating environment hook '/home/ubuntu/px4_ros2_ws/install/px4_msgs/share/px4_msgs/hook/cmake_prefix_path.sh'
[5.516s] Level 1:colcon.colcon_core.environment:checking '/home/ubuntu/px4_ros2_ws/install/px4_msgs/lib'
[5.516s] Level 1:colcon.colcon_core.shell:create_environment_hook('px4_msgs', 'ld_library_path_lib')
[5.516s] INFO:colcon.colcon_core.shell:Creating environment hook '/home/ubuntu/px4_ros2_ws/install/px4_msgs/share/px4_msgs/hook/ld_library_path_lib.ps1'
[5.517s] INFO:colcon.colcon_core.shell:Creating environment descriptor '/home/ubuntu/px4_ros2_ws/install/px4_msgs/share/px4_msgs/hook/ld_library_path_lib.dsv'
[5.517s] INFO:colcon.colcon_core.shell:Creating environment hook '/home/ubuntu/px4_ros2_ws/install/px4_msgs/share/px4_msgs/hook/ld_library_path_lib.sh'
[5.517s] Level 1:colcon.colcon_core.environment:checking '/home/ubuntu/px4_ros2_ws/install/px4_msgs/bin'
[5.517s] Level 1:colcon.colcon_core.environment:checking '/home/ubuntu/px4_ros2_ws/install/px4_msgs/lib/pkgconfig/px4_msgs.pc'
[5.517s] Level 1:colcon.colcon_core.environment:checking '/home/ubuntu/px4_ros2_ws/install/px4_msgs/lib/python3.10/site-packages'
[5.517s] Level 1:colcon.colcon_core.environment:checking '/home/ubuntu/px4_ros2_ws/install/px4_msgs/bin'
[5.518s] INFO:colcon.colcon_core.shell:Creating package script '/home/ubuntu/px4_ros2_ws/install/px4_msgs/share/px4_msgs/package.ps1'
[5.519s] INFO:colcon.colcon_core.shell:Creating package descriptor '/home/ubuntu/px4_ros2_ws/install/px4_msgs/share/px4_msgs/package.dsv'
[5.519s] INFO:colcon.colcon_core.shell:Creating package script '/home/ubuntu/px4_ros2_ws/install/px4_msgs/share/px4_msgs/package.sh'
[5.520s] INFO:colcon.colcon_core.shell:Creating package script '/home/ubuntu/px4_ros2_ws/install/px4_msgs/share/px4_msgs/package.bash'
[5.520s] INFO:colcon.colcon_core.shell:Creating package script '/home/ubuntu/px4_ros2_ws/install/px4_msgs/share/px4_msgs/package.zsh'
[5.521s] Level 1:colcon.colcon_core.environment:create_file_with_runtime_dependencies(/home/ubuntu/px4_ros2_ws/install/px4_msgs/share/colcon-core/packages/px4_msgs)
[5.521s] Level 1:colcon.colcon_core.environment:create_environment_scripts_only(px4_msgs)
[5.522s] Level 1:colcon.colcon_core.environment:checking '/home/ubuntu/px4_ros2_ws/install/px4_msgs' for CMake module files
[5.522s] Level 1:colcon.colcon_core.environment:checking '/home/ubuntu/px4_ros2_ws/install/px4_msgs' for CMake config files
[5.522s] Level 1:colcon.colcon_core.shell:create_environment_hook('px4_msgs', 'cmake_prefix_path')
[5.523s] INFO:colcon.colcon_core.shell:Creating environment hook '/home/ubuntu/px4_ros2_ws/install/px4_msgs/share/px4_msgs/hook/cmake_prefix_path.ps1'
[5.523s] INFO:colcon.colcon_core.shell:Creating environment descriptor '/home/ubuntu/px4_ros2_ws/install/px4_msgs/share/px4_msgs/hook/cmake_prefix_path.dsv'
[5.523s] INFO:colcon.colcon_core.shell:Creating environment hook '/home/ubuntu/px4_ros2_ws/install/px4_msgs/share/px4_msgs/hook/cmake_prefix_path.sh'
[5.523s] Level 1:colcon.colcon_core.environment:checking '/home/ubuntu/px4_ros2_ws/install/px4_msgs/lib'
[5.523s] Level 1:colcon.colcon_core.shell:create_environment_hook('px4_msgs', 'ld_library_path_lib')
[5.524s] INFO:colcon.colcon_core.shell:Creating environment hook '/home/ubuntu/px4_ros2_ws/install/px4_msgs/share/px4_msgs/hook/ld_library_path_lib.ps1'
[5.524s] INFO:colcon.colcon_core.shell:Creating environment descriptor '/home/ubuntu/px4_ros2_ws/install/px4_msgs/share/px4_msgs/hook/ld_library_path_lib.dsv'
[5.524s] INFO:colcon.colcon_core.shell:Creating environment hook '/home/ubuntu/px4_ros2_ws/install/px4_msgs/share/px4_msgs/hook/ld_library_path_lib.sh'
[5.524s] Level 1:colcon.colcon_core.environment:checking '/home/ubuntu/px4_ros2_ws/install/px4_msgs/bin'
[5.524s] Level 1:colcon.colcon_core.environment:checking '/home/ubuntu/px4_ros2_ws/install/px4_msgs/lib/pkgconfig/px4_msgs.pc'
[5.524s] Level 1:colcon.colcon_core.environment:checking '/home/ubuntu/px4_ros2_ws/install/px4_msgs/lib/python3.10/site-packages'
[5.525s] Level 1:colcon.colcon_core.environment:checking '/home/ubuntu/px4_ros2_ws/install/px4_msgs/bin'
[5.525s] INFO:colcon.colcon_core.shell:Creating package script '/home/ubuntu/px4_ros2_ws/install/px4_msgs/share/px4_msgs/package.ps1'
[5.525s] INFO:colcon.colcon_core.shell:Creating package descriptor '/home/ubuntu/px4_ros2_ws/install/px4_msgs/share/px4_msgs/package.dsv'
[5.526s] INFO:colcon.colcon_core.shell:Creating package script '/home/ubuntu/px4_ros2_ws/install/px4_msgs/share/px4_msgs/package.sh'
[5.526s] INFO:colcon.colcon_core.shell:Creating package script '/home/ubuntu/px4_ros2_ws/install/px4_msgs/share/px4_msgs/package.bash'
[5.526s] INFO:colcon.colcon_core.shell:Creating package script '/home/ubuntu/px4_ros2_ws/install/px4_msgs/share/px4_msgs/package.zsh'
[5.527s] Level 1:colcon.colcon_core.environment:create_file_with_runtime_dependencies(/home/ubuntu/px4_ros2_ws/install/px4_msgs/share/colcon-core/packages/px4_msgs)
[5.527s] INFO:colcon.colcon_ros.task.ament_python.build:Building ROS package in '/home/ubuntu/px4_ros2_ws/src/px4_offboard' with build type 'ament_python'
[5.527s] Level 1:colcon.colcon_core.shell:create_environment_hook('px4_offboard', 'ament_prefix_path')
[5.527s] INFO:colcon.colcon_core.shell:Creating environment hook '/home/ubuntu/px4_ros2_ws/install/px4_offboard/share/px4_offboard/hook/ament_prefix_path.ps1'
[5.528s] INFO:colcon.colcon_core.shell:Creating environment descriptor '/home/ubuntu/px4_ros2_ws/install/px4_offboard/share/px4_offboard/hook/ament_prefix_path.dsv'
[5.528s] INFO:colcon.colcon_core.shell:Creating environment hook '/home/ubuntu/px4_ros2_ws/install/px4_offboard/share/px4_offboard/hook/ament_prefix_path.sh'
[5.529s] INFO:colcon.colcon_core.shell:Skip shell extension 'powershell' for command environment: Not usable outside of PowerShell
[5.529s] DEBUG:colcon.colcon_core.shell:Skip shell extension 'dsv' for command environment
[5.724s] INFO:colcon.colcon_core.task.python.build:Building Python package in '/home/ubuntu/px4_ros2_ws/src/px4_offboard'
[5.724s] INFO:colcon.colcon_core.shell:Skip shell extension 'powershell' for command environment: Not usable outside of PowerShell
[5.724s] DEBUG:colcon.colcon_core.shell:Skip shell extension 'dsv' for command environment
[5.992s] DEBUG:colcon.colcon_core.task.python.build:Available setuptools commands: egg_info, build_ext, symlink_data, build_clib, rotate, sdist, upload_docs, bdist_wheel, bdist_egg, build_scripts, easy_install, install_scripts, register, check, install_headers, bdist_rpm, saveopts, alias, build_py, install_data, upload, dist_info, install_egg_info, bdist, bdist_dumb, develop, clean, setopt, install_lib, build, test, install
[5.996s] DEBUG:colcon.colcon_core.event_handler.log_command:Invoking command in '/home/ubuntu/px4_ros2_ws/src/px4_offboard': AMENT_PREFIX_PATH=/home/ubuntu/px4_ros2_ws/install/px4_msgs:${AMENT_PREFIX_PATH} CMAKE_PREFIX_PATH=/home/ubuntu/px4_ros2_ws/install/px4_msgs LD_LIBRARY_PATH=/home/ubuntu/px4_ros2_ws/install/px4_msgs/lib:${LD_LIBRARY_PATH} PYTHONPATH=/home/ubuntu/px4_ros2_ws/build/px4_offboard/prefix_override:/usr/lib/python3/dist-packages/colcon_core/task/python/colcon_distutils_commands:/home/ubuntu/px4_ros2_ws/install/px4_offboard/lib/python3.10/site-packages:/home/ubuntu/px4_ros2_ws/install/px4_msgs/local/lib/python3.10/dist-packages:${PYTHONPATH} /usr/bin/python3 -W ignore:setup.py install is deprecated -W ignore:easy_install command is deprecated setup.py egg_info --egg-base ../../build/px4_offboard build --build-base /home/ubuntu/px4_ros2_ws/build/px4_offboard/build install --record /home/ubuntu/px4_ros2_ws/build/px4_offboard/install.log --install-scripts $base/lib/px4_offboard --single-version-externally-managed install_data
[6.249s] Level 1:colcon.colcon_core.environment:checking '/home/ubuntu/px4_ros2_ws/install/px4_offboard' for CMake module files
[6.250s] DEBUG:colcon.colcon_core.event_handler.log_command:Invoked command in '/home/ubuntu/px4_ros2_ws/src/px4_offboard' returned '0': AMENT_PREFIX_PATH=/home/ubuntu/px4_ros2_ws/install/px4_msgs:${AMENT_PREFIX_PATH} CMAKE_PREFIX_PATH=/home/ubuntu/px4_ros2_ws/install/px4_msgs LD_LIBRARY_PATH=/home/ubuntu/px4_ros2_ws/install/px4_msgs/lib:${LD_LIBRARY_PATH} PYTHONPATH=/home/ubuntu/px4_ros2_ws/build/px4_offboard/prefix_override:/usr/lib/python3/dist-packages/colcon_core/task/python/colcon_distutils_commands:/home/ubuntu/px4_ros2_ws/install/px4_offboard/lib/python3.10/site-packages:/home/ubuntu/px4_ros2_ws/install/px4_msgs/local/lib/python3.10/dist-packages:${PYTHONPATH} /usr/bin/python3 -W ignore:setup.py install is deprecated -W ignore:easy_install command is deprecated setup.py egg_info --egg-base ../../build/px4_offboard build --build-base /home/ubuntu/px4_ros2_ws/build/px4_offboard/build install --record /home/ubuntu/px4_ros2_ws/build/px4_offboard/install.log --install-scripts $base/lib/px4_offboard --single-version-externally-managed install_data
[6.250s] Level 1:colcon.colcon_core.environment:checking '/home/ubuntu/px4_ros2_ws/install/px4_offboard' for CMake config files
[6.251s] Level 1:colcon.colcon_core.environment:checking '/home/ubuntu/px4_ros2_ws/install/px4_offboard/lib'
[6.252s] Level 1:colcon.colcon_core.environment:checking '/home/ubuntu/px4_ros2_ws/install/px4_offboard/bin'
[6.252s] Level 1:colcon.colcon_core.environment:checking '/home/ubuntu/px4_ros2_ws/install/px4_offboard/lib/pkgconfig/px4_offboard.pc'
[6.252s] Level 1:colcon.colcon_core.environment:checking '/home/ubuntu/px4_ros2_ws/install/px4_offboard/lib/python3.10/site-packages'
[6.252s] Level 1:colcon.colcon_core.shell:create_environment_hook('px4_offboard', 'pythonpath')
[6.252s] INFO:colcon.colcon_core.shell:Creating environment hook '/home/ubuntu/px4_ros2_ws/install/px4_offboard/share/px4_offboard/hook/pythonpath.ps1'
[6.253s] INFO:colcon.colcon_core.shell:Creating environment descriptor '/home/ubuntu/px4_ros2_ws/install/px4_offboard/share/px4_offboard/hook/pythonpath.dsv'
[6.254s] INFO:colcon.colcon_core.shell:Creating environment hook '/home/ubuntu/px4_ros2_ws/install/px4_offboard/share/px4_offboard/hook/pythonpath.sh'
[6.255s] Level 1:colcon.colcon_core.environment:checking '/home/ubuntu/px4_ros2_ws/install/px4_offboard/bin'
[6.255s] Level 1:colcon.colcon_core.environment:create_environment_scripts_only(px4_offboard)
[6.256s] INFO:colcon.colcon_core.shell:Creating package script '/home/ubuntu/px4_ros2_ws/install/px4_offboard/share/px4_offboard/package.ps1'
[6.258s] INFO:colcon.colcon_core.shell:Creating package descriptor '/home/ubuntu/px4_ros2_ws/install/px4_offboard/share/px4_offboard/package.dsv'
[6.259s] INFO:colcon.colcon_core.shell:Creating package script '/home/ubuntu/px4_ros2_ws/install/px4_offboard/share/px4_offboard/package.sh'
[6.260s] INFO:colcon.colcon_core.shell:Creating package script '/home/ubuntu/px4_ros2_ws/install/px4_offboard/share/px4_offboard/package.bash'
[6.260s] INFO:colcon.colcon_core.shell:Creating package script '/home/ubuntu/px4_ros2_ws/install/px4_offboard/share/px4_offboard/package.zsh'
[6.260s] Level 1:colcon.colcon_core.environment:create_file_with_runtime_dependencies(/home/ubuntu/px4_ros2_ws/install/px4_offboard/share/colcon-core/packages/px4_offboard)
[6.261s] DEBUG:colcon.colcon_parallel_executor.executor.parallel:closing loop
[6.261s] DEBUG:colcon.colcon_parallel_executor.executor.parallel:loop closed
[6.261s] DEBUG:colcon.colcon_parallel_executor.executor.parallel:run_until_complete finished with '0'
[6.261s] DEBUG:colcon.colcon_core.event_reactor:joining thread
[6.274s] INFO:colcon.colcon_core.plugin_system:Skipping extension 'colcon_notification.desktop_notification.terminal_notifier': Not used on non-Darwin systems
[6.274s] INFO:colcon.colcon_core.plugin_system:Skipping extension 'colcon_notification.desktop_notification.win32': Not used on non-Windows systems
[6.274s] INFO:colcon.colcon_notification.desktop_notification:Sending desktop notification using 'notify2'
[6.291s] DEBUG:colcon.colcon_core.event_reactor:joined thread
[6.292s] INFO:colcon.colcon_core.shell:Creating prefix script '/home/ubuntu/px4_ros2_ws/install/local_setup.ps1'
[6.293s] INFO:colcon.colcon_core.shell:Creating prefix util module '/home/ubuntu/px4_ros2_ws/install/_local_setup_util_ps1.py'
[6.294s] INFO:colcon.colcon_core.shell:Creating prefix chain script '/home/ubuntu/px4_ros2_ws/install/setup.ps1'
[6.296s] INFO:colcon.colcon_core.shell:Creating prefix script '/home/ubuntu/px4_ros2_ws/install/local_setup.sh'
[6.297s] INFO:colcon.colcon_core.shell:Creating prefix util module '/home/ubuntu/px4_ros2_ws/install/_local_setup_util_sh.py'
[6.297s] INFO:colcon.colcon_core.shell:Creating prefix chain script '/home/ubuntu/px4_ros2_ws/install/setup.sh'
[6.298s] INFO:colcon.colcon_core.shell:Creating prefix script '/home/ubuntu/px4_ros2_ws/install/local_setup.bash'
[6.299s] INFO:colcon.colcon_core.shell:Creating prefix chain script '/home/ubuntu/px4_ros2_ws/install/setup.bash'
[6.299s] INFO:colcon.colcon_core.shell:Creating prefix script '/home/ubuntu/px4_ros2_ws/install/local_setup.zsh'
[6.300s] INFO:colcon.colcon_core.shell:Creating prefix chain script '/home/ubuntu/px4_ros2_ws/install/setup.zsh'
