[0.468s] Invoking command in '/home/ubuntu/px4_ros2_ws/src/px4_offboard': AMENT_PREFIX_PATH=/home/ubuntu/px4_ros2_ws/install/px4_msgs:${AMENT_PREFIX_PATH} CMAKE_PREFIX_PATH=/home/ubuntu/px4_ros2_ws/install/px4_msgs LD_LIBRARY_PATH=/home/ubuntu/px4_ros2_ws/install/px4_msgs/lib:${LD_LIBRARY_PATH} PYTHONPATH=/home/ubuntu/px4_ros2_ws/build/px4_offboard/prefix_override:/usr/lib/python3/dist-packages/colcon_core/task/python/colcon_distutils_commands:/home/ubuntu/px4_ros2_ws/install/px4_offboard/lib/python3.10/site-packages:/home/ubuntu/px4_ros2_ws/install/px4_msgs/local/lib/python3.10/dist-packages:${PYTHONPATH} /usr/bin/python3 -W ignore:setup.py install is deprecated -W ignore:easy_install command is deprecated setup.py egg_info --egg-base ../../build/px4_offboard build --build-base /home/ubuntu/px4_ros2_ws/build/px4_offboard/build install --record /home/ubuntu/px4_ros2_ws/build/px4_offboard/install.log --install-scripts $base/lib/px4_offboard --single-version-externally-managed install_data
[0.652s] running egg_info
[0.653s] writing ../../build/px4_offboard/px4_offboard.egg-info/PKG-INFO
[0.653s] writing dependency_links to ../../build/px4_offboard/px4_offboard.egg-info/dependency_links.txt
[0.653s] writing entry points to ../../build/px4_offboard/px4_offboard.egg-info/entry_points.txt
[0.654s] writing requirements to ../../build/px4_offboard/px4_offboard.egg-info/requires.txt
[0.654s] writing top-level names to ../../build/px4_offboard/px4_offboard.egg-info/top_level.txt
[0.655s] reading manifest file '../../build/px4_offboard/px4_offboard.egg-info/SOURCES.txt'
[0.656s] writing manifest file '../../build/px4_offboard/px4_offboard.egg-info/SOURCES.txt'
[0.656s] running build
[0.656s] running build_py
[0.656s] running install
[0.657s] running install_lib
[0.660s] running install_data
[0.660s] running install_egg_info
[0.665s] removing '/home/ubuntu/px4_ros2_ws/install/px4_offboard/lib/python3.10/site-packages/px4_offboard-0.0.0-py3.10.egg-info' (and everything under it)
[0.665s] Copying ../../build/px4_offboard/px4_offboard.egg-info to /home/ubuntu/px4_ros2_ws/install/px4_offboard/lib/python3.10/site-packages/px4_offboard-0.0.0-py3.10.egg-info
[0.666s] running install_scripts
[0.685s] Installing offboard_control script to /home/ubuntu/px4_ros2_ws/install/px4_offboard/lib/px4_offboard
[0.686s] writing list of installed files to '/home/ubuntu/px4_ros2_ws/build/px4_offboard/install.log'
[0.721s] Invoked command in '/home/ubuntu/px4_ros2_ws/src/px4_offboard' returned '0': AMENT_PREFIX_PATH=/home/ubuntu/px4_ros2_ws/install/px4_msgs:${AMENT_PREFIX_PATH} CMAKE_PREFIX_PATH=/home/ubuntu/px4_ros2_ws/install/px4_msgs LD_LIBRARY_PATH=/home/ubuntu/px4_ros2_ws/install/px4_msgs/lib:${LD_LIBRARY_PATH} PYTHONPATH=/home/ubuntu/px4_ros2_ws/build/px4_offboard/prefix_override:/usr/lib/python3/dist-packages/colcon_core/task/python/colcon_distutils_commands:/home/ubuntu/px4_ros2_ws/install/px4_offboard/lib/python3.10/site-packages:/home/ubuntu/px4_ros2_ws/install/px4_msgs/local/lib/python3.10/dist-packages:${PYTHONPATH} /usr/bin/python3 -W ignore:setup.py install is deprecated -W ignore:easy_install command is deprecated setup.py egg_info --egg-base ../../build/px4_offboard build --build-base /home/ubuntu/px4_ros2_ws/build/px4_offboard/build install --record /home/ubuntu/px4_ros2_ws/build/px4_offboard/install.log --install-scripts $base/lib/px4_offboard --single-version-externally-managed install_data
