[0.675s] Invoking command in '/home/ubuntu/px4_ros2_ws/src/px4_offboard': AMENT_PREFIX_PATH=/home/ubuntu/px4_ros2_ws/install/px4_msgs:${AMENT_PREFIX_PATH} CMAKE_PREFIX_PATH=/home/ubuntu/px4_ros2_ws/install/px4_msgs LD_LIBRARY_PATH=/home/ubuntu/px4_ros2_ws/install/px4_msgs/lib:${LD_LIBRARY_PATH} PYTHONPATH=/home/ubuntu/px4_ros2_ws/build/px4_offboard/prefix_override:/usr/lib/python3/dist-packages/colcon_core/task/python/colcon_distutils_commands:/home/ubuntu/px4_ros2_ws/install/px4_offboard/lib/python3.10/site-packages:/home/ubuntu/px4_ros2_ws/install/px4_msgs/local/lib/python3.10/dist-packages:${PYTHONPATH} /usr/bin/python3 -W ignore:setup.py install is deprecated -W ignore:easy_install command is deprecated setup.py egg_info --egg-base ../../build/px4_offboard build --build-base /home/ubuntu/px4_ros2_ws/build/px4_offboard/build install --record /home/ubuntu/px4_ros2_ws/build/px4_offboard/install.log --install-scripts $base/lib/px4_offboard --single-version-externally-managed install_data
[0.916s] running egg_info
[0.917s] creating ../../build/px4_offboard/px4_offboard.egg-info
[0.917s] writing ../../build/px4_offboard/px4_offboard.egg-info/PKG-INFO
[0.918s] writing dependency_links to ../../build/px4_offboard/px4_offboard.egg-info/dependency_links.txt
[0.918s] writing entry points to ../../build/px4_offboard/px4_offboard.egg-info/entry_points.txt
[0.918s] writing requirements to ../../build/px4_offboard/px4_offboard.egg-info/requires.txt
[0.918s] writing top-level names to ../../build/px4_offboard/px4_offboard.egg-info/top_level.txt
[0.918s] writing manifest file '../../build/px4_offboard/px4_offboard.egg-info/SOURCES.txt'
[0.921s] reading manifest file '../../build/px4_offboard/px4_offboard.egg-info/SOURCES.txt'
[0.922s] writing manifest file '../../build/px4_offboard/px4_offboard.egg-info/SOURCES.txt'
[0.922s] running build
[0.922s] running build_py
[0.922s] creating /home/ubuntu/px4_ros2_ws/build/px4_offboard/build
[0.922s] creating /home/ubuntu/px4_ros2_ws/build/px4_offboard/build/lib
[0.923s] creating /home/ubuntu/px4_ros2_ws/build/px4_offboard/build/lib/px4_offboard
[0.923s] copying px4_offboard/__init__.py -> /home/ubuntu/px4_ros2_ws/build/px4_offboard/build/lib/px4_offboard
[0.923s] copying px4_offboard/offboard_control_node.py -> /home/ubuntu/px4_ros2_ws/build/px4_offboard/build/lib/px4_offboard
[0.923s] running install
[0.923s] running install_lib
[0.924s] creating /home/ubuntu/px4_ros2_ws/install/px4_offboard/lib/python3.10/site-packages/px4_offboard
[0.924s] copying /home/ubuntu/px4_ros2_ws/build/px4_offboard/build/lib/px4_offboard/__init__.py -> /home/ubuntu/px4_ros2_ws/install/px4_offboard/lib/python3.10/site-packages/px4_offboard
[0.924s] copying /home/ubuntu/px4_ros2_ws/build/px4_offboard/build/lib/px4_offboard/offboard_control_node.py -> /home/ubuntu/px4_ros2_ws/install/px4_offboard/lib/python3.10/site-packages/px4_offboard
[0.924s] byte-compiling /home/ubuntu/px4_ros2_ws/install/px4_offboard/lib/python3.10/site-packages/px4_offboard/__init__.py to __init__.cpython-310.pyc
[0.924s] byte-compiling /home/ubuntu/px4_ros2_ws/install/px4_offboard/lib/python3.10/site-packages/px4_offboard/offboard_control_node.py to offboard_control_node.cpython-310.pyc
[0.927s] running install_data
[0.927s] creating /home/ubuntu/px4_ros2_ws/install/px4_offboard/share/ament_index
[0.927s] creating /home/ubuntu/px4_ros2_ws/install/px4_offboard/share/ament_index/resource_index
[0.927s] creating /home/ubuntu/px4_ros2_ws/install/px4_offboard/share/ament_index/resource_index/packages
[0.927s] copying resource/px4_offboard -> /home/ubuntu/px4_ros2_ws/install/px4_offboard/share/ament_index/resource_index/packages
[0.927s] copying package.xml -> /home/ubuntu/px4_ros2_ws/install/px4_offboard/share/px4_offboard
[0.927s] running install_egg_info
[0.931s] Copying ../../build/px4_offboard/px4_offboard.egg-info to /home/ubuntu/px4_ros2_ws/install/px4_offboard/lib/python3.10/site-packages/px4_offboard-0.0.0-py3.10.egg-info
[0.931s] running install_scripts
[0.957s] Installing offboard_control script to /home/ubuntu/px4_ros2_ws/install/px4_offboard/lib/px4_offboard
[0.957s] writing list of installed files to '/home/ubuntu/px4_ros2_ws/build/px4_offboard/install.log'
[1.007s] Invoked command in '/home/ubuntu/px4_ros2_ws/src/px4_offboard' returned '0': AMENT_PREFIX_PATH=/home/ubuntu/px4_ros2_ws/install/px4_msgs:${AMENT_PREFIX_PATH} CMAKE_PREFIX_PATH=/home/ubuntu/px4_ros2_ws/install/px4_msgs LD_LIBRARY_PATH=/home/ubuntu/px4_ros2_ws/install/px4_msgs/lib:${LD_LIBRARY_PATH} PYTHONPATH=/home/ubuntu/px4_ros2_ws/build/px4_offboard/prefix_override:/usr/lib/python3/dist-packages/colcon_core/task/python/colcon_distutils_commands:/home/ubuntu/px4_ros2_ws/install/px4_offboard/lib/python3.10/site-packages:/home/ubuntu/px4_ros2_ws/install/px4_msgs/local/lib/python3.10/dist-packages:${PYTHONPATH} /usr/bin/python3 -W ignore:setup.py install is deprecated -W ignore:easy_install command is deprecated setup.py egg_info --egg-base ../../build/px4_offboard build --build-base /home/ubuntu/px4_ros2_ws/build/px4_offboard/build install --record /home/ubuntu/px4_ros2_ws/build/px4_offboard/install.log --install-scripts $base/lib/px4_offboard --single-version-externally-managed install_data
