[1.849s] Invoking command in '/home/ubuntu/px4_ros2_ws/src/px4_offboard': AMENT_PREFIX_PATH=/home/ubuntu/px4_ros2_ws/install/px4_msgs:${AMENT_PREFIX_PATH} CMAKE_PREFIX_PATH=/home/ubuntu/px4_ros2_ws/install/px4_msgs LD_LIBRARY_PATH=/home/ubuntu/px4_ros2_ws/install/px4_msgs/lib:${LD_LIBRARY_PATH} PYTHONPATH=/home/ubuntu/px4_ros2_ws/build/px4_offboard/prefix_override:/usr/lib/python3/dist-packages/colcon_core/task/python/colcon_distutils_commands:/home/ubuntu/px4_ros2_ws/install/px4_offboard/lib/python3.10/site-packages:/home/ubuntu/px4_ros2_ws/install/px4_msgs/local/lib/python3.10/dist-packages:${PYTHONPATH} /usr/bin/python3 -W ignore:setup.py install is deprecated -W ignore:easy_install command is deprecated setup.py egg_info --egg-base ../../build/px4_offboard build --build-base /home/ubuntu/px4_ros2_ws/build/px4_offboard/build install --record /home/ubuntu/px4_ros2_ws/build/px4_offboard/install.log --install-scripts $base/lib/px4_offboard --single-version-externally-managed install_data
[2.392s] running egg_info
[2.394s] writing ../../build/px4_offboard/px4_offboard.egg-info/PKG-INFO
[2.395s] writing dependency_links to ../../build/px4_offboard/px4_offboard.egg-info/dependency_links.txt
[2.395s] writing entry points to ../../build/px4_offboard/px4_offboard.egg-info/entry_points.txt
[2.395s] writing requirements to ../../build/px4_offboard/px4_offboard.egg-info/requires.txt
[2.395s] writing top-level names to ../../build/px4_offboard/px4_offboard.egg-info/top_level.txt
[2.400s] reading manifest file '../../build/px4_offboard/px4_offboard.egg-info/SOURCES.txt'
[2.400s] writing manifest file '../../build/px4_offboard/px4_offboard.egg-info/SOURCES.txt'
[2.401s] running build
[2.401s] running build_py
[2.401s] copying px4_offboard/offboard_control_node.py -> /home/ubuntu/px4_ros2_ws/build/px4_offboard/build/lib/px4_offboard
[2.402s] running install
[2.403s] running install_lib
[2.407s] copying /home/ubuntu/px4_ros2_ws/build/px4_offboard/build/lib/px4_offboard/offboard_control_node.py -> /home/ubuntu/px4_ros2_ws/install/px4_offboard/lib/python3.10/site-packages/px4_offboard
[2.409s] byte-compiling /home/ubuntu/px4_ros2_ws/install/px4_offboard/lib/python3.10/site-packages/px4_offboard/offboard_control_node.py to offboard_control_node.cpython-310.pyc
[2.416s] running install_data
[2.416s] running install_egg_info
[2.420s] removing '/home/ubuntu/px4_ros2_ws/install/px4_offboard/lib/python3.10/site-packages/px4_offboard-0.0.0-py3.10.egg-info' (and everything under it)
[2.420s] Copying ../../build/px4_offboard/px4_offboard.egg-info to /home/ubuntu/px4_ros2_ws/install/px4_offboard/lib/python3.10/site-packages/px4_offboard-0.0.0-py3.10.egg-info
[2.421s] running install_scripts
[2.466s] Installing offboard_control script to /home/ubuntu/px4_ros2_ws/install/px4_offboard/lib/px4_offboard
[2.467s] writing list of installed files to '/home/ubuntu/px4_ros2_ws/build/px4_offboard/install.log'
[2.647s] Invoked command in '/home/ubuntu/px4_ros2_ws/src/px4_offboard' returned '0': AMENT_PREFIX_PATH=/home/ubuntu/px4_ros2_ws/install/px4_msgs:${AMENT_PREFIX_PATH} CMAKE_PREFIX_PATH=/home/ubuntu/px4_ros2_ws/install/px4_msgs LD_LIBRARY_PATH=/home/ubuntu/px4_ros2_ws/install/px4_msgs/lib:${LD_LIBRARY_PATH} PYTHONPATH=/home/ubuntu/px4_ros2_ws/build/px4_offboard/prefix_override:/usr/lib/python3/dist-packages/colcon_core/task/python/colcon_distutils_commands:/home/ubuntu/px4_ros2_ws/install/px4_offboard/lib/python3.10/site-packages:/home/ubuntu/px4_ros2_ws/install/px4_msgs/local/lib/python3.10/dist-packages:${PYTHONPATH} /usr/bin/python3 -W ignore:setup.py install is deprecated -W ignore:easy_install command is deprecated setup.py egg_info --egg-base ../../build/px4_offboard build --build-base /home/ubuntu/px4_ros2_ws/build/px4_offboard/build install --record /home/ubuntu/px4_ros2_ws/build/px4_offboard/install.log --install-scripts $base/lib/px4_offboard --single-version-externally-managed install_data
